max_provinces = 4983
definitions = "definition.csv"
provinces = "provinces.bmp"
positions = "positions.txt"
terrain = "terrain.bmp"
rivers = "rivers.bmp"
terrain_definition = "terrain.txt"
heightmap = "topology.bmp"
tree_definition = "trees.bmp"
continent = "continent.txt"
adjacencies = "adjacencies.csv"
climate = "climate.txt"
region = "island_region.txt"
geographical_region = "geographical_region.txt"
static = "statics"
seasons = "seasons.txt"

# European Seas

sea_zones = { 936 942 } #1
sea_zones = { 945 954 } #2
sea_zones = { 956 1012 } #2
sea_zones = { 1014 1017 }#3
sea_zones = { 1019 1111 }#4
sea_zones = { 1305 1305 }#5
sea_zones = { 1618 1619 }#6
sea_zones = { 1626 1630 }#7	#Addition to the Pripyat, Dniestr & Kama
sea_zones = { 1673 1674 }#8	#Additions to the Oka river
sea_zones = { 1686 1686 }#9
sea_zones = { 1783 1783 }#10
sea_zones = { 1784 1785 }#11
sea_zones = { 1803 1803 }#12
sea_zones = { 1846 1847 }#13
sea_zones = { 1891 1894 }#14
sea_zones = { 1995 2000 }#15
sea_zones = { 2008 2011 }#16
sea_zones = { 2016 2016 }#17
sea_zones = { 2126 2126 }#18

# Indian Seas
sea_zones = { 1307 1317 }#19
sea_zones = { 1382 1407 }#20
sea_zones = { 1409 1412 }#21
sea_zones = { 1293 1293 }#22

#Lake Nasser
sea_zones = { 2161 2164 }#23
 
#lakes 1
sea_zones = { 2097 2099 }#24
#new rivers
sea_zones = { 2226 2244 }#25
#new atlantic parts
sea_zones = { 2290 2291 }#26
sea_zones = { 2295 2305 }#27
#Senegal and Gambia
sea_zones = { 2331 2336 }#28
#kiel canal
sea_zones = { 2490 2490 }#29
#Dogger Sea
sea_zones = { 2514 2514 }#30
sea_zones = { 2517 2518 }#31
#Volga extra part
sea_zones = { 2532 2532 }#32
sea_zones = { 2558 2558 }#33
#extra ganges part
sea_zones = { 2597 2599 }#34

# Asian Seas
sea_zones = { 3898 4018 }#35
sea_zones = { 4019 4052 }#36
#extra mekong part
sea_zones = { 4069 4070 }#37 
sea_zones = { 4170 4237 }#38 
sea_zones = { 4499 4502 }#39 
sea_zones = { 4504 4504 }#39 
sea_zones = { 4513 4529 }
sea_zones = { 4624 4632}
sea_zones = { 4677 4691} #44
                          
# Non-accessible sea zones
sea_zones = { 943 944 }
sea_zones = { 955 955 }
sea_zones = { 1018 1018 }
sea_zones = { 1529 1529 }
sea_zones = { 1580 1580 }
sea_zones = { 1786 1786 }
sea_zones = { 1855 1855 }
sea_zones = { 1990 1992 }
sea_zones = { 2306 2306 }
sea_zones = { 4238 4242 }



ocean_region = {	# European Ocean
	sea_zones = { 1 2 3 4 5 6 7 8 9 10 11 12 13 14 15 16 17 18 19 20 21 22 23 24 25 26 27 28 29 30 31 32 33 34 35 36 37 38 39 40 41 42 43 44 }
}

# Define which indices in trees.bmp palette which should count as trees for automatic terrain assignment
tree = { 3 4 7 10 }

externals = { 1509 1510 1512 2114 2115 2116 2117 2560 2559 } # Silkroad Paths to oriental states

